// 同步 ID: 510e2951 @ Sun Jul 26 04:12:18 UTC 2026
// 同步 ID: f8da0c09 @ Sun Jul 26 09:37:30 UTC 2026
// 同步 ID: 0966722f @ Sun Jul 26 12:02:40 UTC 2026
// 重构日志: 4ac5c8e5
// 重构日志: 3947fe2f
// 重构日志: f2e18e8a
// 重构日志: dc04a794
// 同步 ID: 52df82c4 @ Tue Jul 28 09:46:20 UTC 2026
// 重构日志: 0ddb462e
// 重构日志: 7fc9212e
// 重构日志: 3f101655
// 重构日志: 46f26f1b
// 重构日志: 29de0d9f
// 重构日志: 0cb6bc31
// 同步 ID: 82611c7b @ Thu Jul 30 06:39:50 UTC 2026
// 重构日志: af49f8a3
// 同步 ID: 624c4d0b @ Fri Jul 31 13:45:06 UTC 2026
// 重构日志: 794bce96
// 重构日志: 4250834d
// 重构日志: 6f962aa4
// 重构日志: 18bc7ee8
// 重构日志: afce8797
// 重构日志: 345c0742
// 同步 ID: 5a589f0b @ Sun Aug  2 14:25:57 UTC 2026
// 同步 ID: d0df8d1c @ Sun Aug  2 15:17:13 UTC 2026
// 同步 ID: 86180df5 @ Sun Aug  2 17:59:18 UTC 2026
// 同步 ID: b2aa4c41 @ Sun Aug  2 22:17:52 UTC 2026
// 重构日志: 8bf95082
// 同步 ID: 31091aa6 @ Mon Aug  3 15:29:08 UTC 2026
// 同步 ID: 3cce2e42 @ Mon Aug  3 17:44:52 UTC 2026
